// Jest Snapshot v1, https://goo.gl/fbAQLP

exports[`TeamStandingsCard matches the snapshot 1`] = `
<DocumentFragment>
  <div
    class="border border-gray-200 rounded-lg p-4 mb-4 shadow-md"
  >
    <div
      class="flex items-center justify-center mb-2"
    >
      <img
        alt="Test Team"
        class="mr-2"
        height="40"
        src="/path/to/logo.png"
        width="40"
      />
      <span
        class="text-2xl font-semibold text-sky-900"
      >
        Test Team
      </span>
    </div>
    <div
      class="grid grid-cols-3 gap-4 text-sm font-medium text-sky-900 my-4"
    >
      <div>
        <p
          class="text-red-800"
        >
          Wins: 
          <span
            class=" font-light text-gray-600"
          >
            10
          </span>
           
        </p>
        <p>
          Losses:
          <span
            class="font-light text-gray-600"
          >
             5
          </span>
        </p>
        <p>
          PCT:
          <span
            class="font-light text-gray-600"
          >
             0.667
          </span>
        </p>
        <p>
          GB: 
          <span
            class="font-light text-gray-600"
          >
            2
          </span>
        </p>
      </div>
      <div>
        <p>
          WCGB:
          <span
            class="font-light text-gray-600"
          >
             1
          </span>
        </p>
        <p>
          STRK: 
          <span
            class="font-light text-gray-600"
          >
            W3
          </span>
        </p>
        <p>
          RS:
          <span
            class="font-light text-gray-600"
          >
             100
          </span>
        </p>
      </div>
      <div>
        <p>
          RA:
          <span
            class="font-light text-gray-600"
          >
             80
          </span>
        </p>
        <p>
          DIFF: 
          <span
            class="font-light text-gray-600"
          >
            20
          </span>
        </p>
        <p>
          HOME: 
          <span
            class="font-light text-gray-600"
          >
            5-2
          </span>
        </p>
        <p>
          AWAY: 
          <span
            class="font-light text-gray-600"
          >
            5-3
          </span>
        </p>
      </div>
    </div>
    <div
      class="flex justify-center"
    >
      <button
        class="rounded-md mt-4 shadow-sm border border-gray-100 text-xs bg-red-800 hover:bg-sky-900 font-normal px-3 py-2 text-white"
      >
        Follow
      </button>
    </div>
  </div>
</DocumentFragment>
`;
