// Jest Snapshot v1, https://goo.gl/fbAQLP

exports[`UnfollowButton Component matches the snapshot 1`] = `
<button
  className="text-base rounded-md px-3 py-1.5 bg-red-800 hover:bg-sky-900 text-white"
  onClick={
    [MockFunction] {
      "calls": [
        [
          SyntheticBaseEvent {
            "_reactName": "onClick",
            "_targetInst": null,
            "altKey": false,
            "bubbles": true,
            "button": 0,
            "buttons": 0,
            "cancelable": true,
            "clientX": 0,
            "clientY": 0,
            "ctrlKey": false,
            "currentTarget": null,
            "defaultPrevented": false,
            "detail": 0,
            "eventPhase": 3,
            "getModifierState": [Function],
            "isDefaultPrevented": [Function],
            "isPropagationStopped": [Function],
            "isTrusted": false,
            "metaKey": false,
            "movementX": 0,
            "movementY": 0,
            "nativeEvent": MouseEvent {
              "isTrusted": false,
            },
            "pageX": undefined,
            "pageY": undefined,
            "relatedTarget": null,
            "screenX": 0,
            "screenY": 0,
            "shiftKey": false,
            "target": <button
              class="text-base rounded-md px-3 py-1.5 bg-red-800 hover:bg-sky-900 text-white"
            >
              Unfollow
            </button>,
            "timeStamp": 1728625878206,
            "type": "click",
            "view": null,
          },
        ],
      ],
      "results": [
        {
          "type": "return",
          "value": undefined,
        },
      ],
    }
  }
>
  Unfollow
</button>
`;
